Archive member included to satisfy reference by file (symbol)

/usr/lib/gcc/avr/10.2.0/avr5/libgcc.a(_exit.o)
                              /usr/lib/gcc/avr/10.2.0/../../../../avr/lib/avr5/crtatmega32.o (exit)
/usr/lib/gcc/avr/10.2.0/avr5/libgcc.a(_copy_data.o)
                              obj/Debug/main.o (__do_copy_data)
/usr/lib/gcc/avr/10.2.0/../../../../avr/lib/avr5/libm.a(cmpsf2.o)
                              obj/Debug/lcdan/lcdan.o (__ltsf2)
/usr/lib/gcc/avr/10.2.0/../../../../avr/lib/avr5/libm.a(divsf3.o)
                              obj/Debug/lcdan/lcdan.o (__divsf3)
/usr/lib/gcc/avr/10.2.0/../../../../avr/lib/avr5/libm.a(divsf3x.o)
                              /usr/lib/gcc/avr/10.2.0/../../../../avr/lib/avr5/libm.a(divsf3.o) (__divsf3x)
/usr/lib/gcc/avr/10.2.0/../../../../avr/lib/avr5/libm.a(fixunssfsi.o)
                              obj/Debug/lcdan/lcdan.o (__fixunssfsi)
/usr/lib/gcc/avr/10.2.0/../../../../avr/lib/avr5/libm.a(fp_cmp.o)
                              /usr/lib/gcc/avr/10.2.0/../../../../avr/lib/avr5/libm.a(cmpsf2.o) (__fp_cmp)
/usr/lib/gcc/avr/10.2.0/../../../../avr/lib/avr5/libm.a(fp_inf.o)
                              /usr/lib/gcc/avr/10.2.0/../../../../avr/lib/avr5/libm.a(divsf3x.o) (__fp_inf)
/usr/lib/gcc/avr/10.2.0/../../../../avr/lib/avr5/libm.a(fp_nan.o)
                              /usr/lib/gcc/avr/10.2.0/../../../../avr/lib/avr5/libm.a(divsf3x.o) (__fp_nan)
/usr/lib/gcc/avr/10.2.0/../../../../avr/lib/avr5/libm.a(fp_pscA.o)
                              /usr/lib/gcc/avr/10.2.0/../../../../avr/lib/avr5/libm.a(divsf3x.o) (__fp_pscA)
/usr/lib/gcc/avr/10.2.0/../../../../avr/lib/avr5/libm.a(fp_pscB.o)
                              /usr/lib/gcc/avr/10.2.0/../../../../avr/lib/avr5/libm.a(divsf3x.o) (__fp_pscB)
/usr/lib/gcc/avr/10.2.0/../../../../avr/lib/avr5/libm.a(fp_round.o)
                              /usr/lib/gcc/avr/10.2.0/../../../../avr/lib/avr5/libm.a(divsf3.o) (__fp_round)
/usr/lib/gcc/avr/10.2.0/../../../../avr/lib/avr5/libm.a(fp_split3.o)
                              /usr/lib/gcc/avr/10.2.0/../../../../avr/lib/avr5/libm.a(divsf3x.o) (__fp_split3)
/usr/lib/gcc/avr/10.2.0/../../../../avr/lib/avr5/libm.a(fp_zero.o)
                              /usr/lib/gcc/avr/10.2.0/../../../../avr/lib/avr5/libm.a(fixunssfsi.o) (__fp_zero)
/usr/lib/gcc/avr/10.2.0/../../../../avr/lib/avr5/libm.a(gesf2.o)
                              obj/Debug/lcdan/lcdan.o (__gtsf2)
/usr/lib/gcc/avr/10.2.0/../../../../avr/lib/avr5/libm.a(mulsf3.o)
                              obj/Debug/lcdan/lcdan.o (__mulsf3)
/usr/lib/gcc/avr/10.2.0/../../../../avr/lib/avr5/libm.a(mulsf3x.o)
                              /usr/lib/gcc/avr/10.2.0/../../../../avr/lib/avr5/libm.a(mulsf3.o) (__mulsf3x)
/usr/lib/gcc/avr/10.2.0/../../../../avr/lib/avr5/libc.a(strncpy_P.o)
                              obj/Debug/lcdan/lcdan_aux.o (strncpy_P)
/usr/lib/gcc/avr/10.2.0/../../../../avr/lib/avr5/libc.a(strlen.o)
                              obj/Debug/lcdan/lcdan_aux.o (strlen)

Memory Configuration

Name             Origin             Length             Attributes
text             0x0000000000000000 0x0000000000020000 xr
data             0x0000000000800060 0x000000000000ffa0 rw !x
eeprom           0x0000000000810000 0x0000000000010000 rw !x
fuse             0x0000000000820000 0x0000000000000400 rw !x
lock             0x0000000000830000 0x0000000000000400 rw !x
signature        0x0000000000840000 0x0000000000000400 rw !x
user_signatures  0x0000000000850000 0x0000000000000400 rw !x
*default*        0x0000000000000000 0xffffffffffffffff

Linker script and memory map

LOAD /usr/lib/gcc/avr/10.2.0/../../../../avr/lib/avr5/crtatmega32.o
LOAD obj/Debug/fuse.o
LOAD obj/Debug/lcdan/lcdan.o
LOAD obj/Debug/lcdan/lcdan_aux.o
LOAD obj/Debug/main.o
START GROUP
LOAD /usr/lib/gcc/avr/10.2.0/avr5/libgcc.a
LOAD /usr/lib/gcc/avr/10.2.0/../../../../avr/lib/avr5/libm.a
LOAD /usr/lib/gcc/avr/10.2.0/../../../../avr/lib/avr5/libc.a
LOAD /usr/lib/gcc/avr/10.2.0/../../../../avr/lib/avr5/libatmega32.a
END GROUP
                0x0000000000020000                __TEXT_REGION_LENGTH__ = DEFINED (__TEXT_REGION_LENGTH__)?__TEXT_REGION_LENGTH__:0x20000
                0x000000000000ffa0                __DATA_REGION_LENGTH__ = DEFINED (__DATA_REGION_LENGTH__)?__DATA_REGION_LENGTH__:0xffa0
                0x0000000000010000                __EEPROM_REGION_LENGTH__ = DEFINED (__EEPROM_REGION_LENGTH__)?__EEPROM_REGION_LENGTH__:0x10000
                0x0000000000000400                __FUSE_REGION_LENGTH__ = DEFINED (__FUSE_REGION_LENGTH__)?__FUSE_REGION_LENGTH__:0x400
                0x0000000000000400                __LOCK_REGION_LENGTH__ = DEFINED (__LOCK_REGION_LENGTH__)?__LOCK_REGION_LENGTH__:0x400
                0x0000000000000400                __SIGNATURE_REGION_LENGTH__ = DEFINED (__SIGNATURE_REGION_LENGTH__)?__SIGNATURE_REGION_LENGTH__:0x400
                0x0000000000000400                __USER_SIGNATURE_REGION_LENGTH__ = DEFINED (__USER_SIGNATURE_REGION_LENGTH__)?__USER_SIGNATURE_REGION_LENGTH__:0x400

.hash
 *(.hash)

.dynsym
 *(.dynsym)

.dynstr
 *(.dynstr)

.gnu.version
 *(.gnu.version)

.gnu.version_d
 *(.gnu.version_d)

.gnu.version_r
 *(.gnu.version_r)

.rel.init
 *(.rel.init)

.rela.init
 *(.rela.init)

.rel.text
 *(.rel.text)
 *(.rel.text.*)
 *(.rel.gnu.linkonce.t*)

.rela.text
 *(.rela.text)
 *(.rela.text.*)
 *(.rela.gnu.linkonce.t*)

.rel.fini
 *(.rel.fini)

.rela.fini
 *(.rela.fini)

.rel.rodata
 *(.rel.rodata)
 *(.rel.rodata.*)
 *(.rel.gnu.linkonce.r*)

.rela.rodata
 *(.rela.rodata)
 *(.rela.rodata.*)
 *(.rela.gnu.linkonce.r*)

.rel.data
 *(.rel.data)
 *(.rel.data.*)
 *(.rel.gnu.linkonce.d*)

.rela.data
 *(.rela.data)
 *(.rela.data.*)
 *(.rela.gnu.linkonce.d*)

.rel.ctors
 *(.rel.ctors)

.rela.ctors
 *(.rela.ctors)

.rel.dtors
 *(.rel.dtors)

.rela.dtors
 *(.rela.dtors)

.rel.got
 *(.rel.got)

.rela.got
 *(.rela.got)

.rel.bss
 *(.rel.bss)

.rela.bss
 *(.rela.bss)

.rel.plt
 *(.rel.plt)

.rela.plt
 *(.rela.plt)

.text           0x0000000000000000     0x4802
 *(.vectors)
 .vectors       0x0000000000000000       0x54 /usr/lib/gcc/avr/10.2.0/../../../../avr/lib/avr5/crtatmega32.o
                0x0000000000000000                __vectors
                0x0000000000000000                __vector_default
 *(.vectors)
 *(.progmem.gcc*)
                0x0000000000000054                . = ALIGN (0x2)
                0x0000000000000054                __trampolines_start = .
 *(.trampolines)
 .trampolines   0x0000000000000054        0x0 linker stubs
 *(.trampolines*)
                0x0000000000000054                __trampolines_end = .
 *libprintf_flt.a:*(.progmem.data)
 *libc.a:*(.progmem.data)
 *(.progmem.*)
                0x0000000000000054                . = ALIGN (0x2)
 *(.lowtext)
 *(.lowtext*)
                0x0000000000000054                __ctors_start = .
 *(.ctors)
                0x0000000000000054                __ctors_end = .
                0x0000000000000054                __dtors_start = .
 *(.dtors)
                0x0000000000000054                __dtors_end = .
 SORT_BY_NAME(*)(.ctors)
 SORT_BY_NAME(*)(.dtors)
 *(.init0)
 .init0         0x0000000000000054        0x0 /usr/lib/gcc/avr/10.2.0/../../../../avr/lib/avr5/crtatmega32.o
                0x0000000000000054                __init
 *(.init0)
 *(.init1)
 *(.init1)
 *(.init2)
 .init2         0x0000000000000054        0xc /usr/lib/gcc/avr/10.2.0/../../../../avr/lib/avr5/crtatmega32.o
 *(.init2)
 *(.init3)
 *(.init3)
 *(.init4)
 .init4         0x0000000000000060       0x16 /usr/lib/gcc/avr/10.2.0/avr5/libgcc.a(_copy_data.o)
                0x0000000000000060                __do_copy_data
 *(.init4)
 *(.init5)
 *(.init5)
 *(.init6)
 *(.init6)
 *(.init7)
 *(.init7)
 *(.init8)
 *(.init8)
 *(.init9)
 .init9         0x0000000000000076        0x8 /usr/lib/gcc/avr/10.2.0/../../../../avr/lib/avr5/crtatmega32.o
 *(.init9)
 *(.text)
 .text          0x000000000000007e        0x4 /usr/lib/gcc/avr/10.2.0/../../../../avr/lib/avr5/crtatmega32.o
                0x000000000000007e                __vector_1
                0x000000000000007e                __vector_12
                0x000000000000007e                __bad_interrupt
                0x000000000000007e                __vector_6
                0x000000000000007e                __vector_3
                0x000000000000007e                __vector_11
                0x000000000000007e                __vector_13
                0x000000000000007e                __vector_17
                0x000000000000007e                __vector_19
                0x000000000000007e                __vector_7
                0x000000000000007e                __vector_5
                0x000000000000007e                __vector_4
                0x000000000000007e                __vector_9
                0x000000000000007e                __vector_2
                0x000000000000007e                __vector_15
                0x000000000000007e                __vector_8
                0x000000000000007e                __vector_14
                0x000000000000007e                __vector_10
                0x000000000000007e                __vector_16
                0x000000000000007e                __vector_18
                0x000000000000007e                __vector_20
 .text          0x0000000000000082        0x0 obj/Debug/fuse.o
 .text          0x0000000000000082     0x412e obj/Debug/lcdan/lcdan.o
                0x0000000000000082                lcdan_set_controlpins_and_datapins_outputs
                0x0000000000000110                lcdan_set_datapins_inputs
                0x0000000000000168                lcdan_set_datapins_outputs
                0x00000000000001c0                lcdan_set_command_mode
                0x00000000000001e2                lcdan_set_data_mode
                0x0000000000000204                lcdan_set_write_mode
                0x0000000000000226                lcdan_set_read_mode
                0x0000000000000248                lcdan_strobe_enable
                0x0000000000000c9a                lcdan_set_and_latch_4bits
                0x0000000000000d7c                lcdan_set_and_latch_8bits
                0x0000000000000da2                lcdan_get_data
                0x0000000000000e64                lcdan_test_busy
                0x0000000000001d94                lcdan_write_cmd
                0x0000000000001dbc                lcdan_write_data
                0x0000000000001de4                lcdan_init
 .text          0x00000000000041b0      0x2ee obj/Debug/lcdan/lcdan_aux.o
                0x00000000000041b0                lcdan_print_string
                0x00000000000041f0                lcdan_print_PSTRstring
                0x0000000000004246                lcdan_set_cursor
                0x00000000000042ae                lcdan_str_get_center_hor
                0x00000000000042f8                lcdan_str_get_align_col
                0x0000000000004328                lcdan_str_lineformat_align
                0x00000000000043fe                lcdan_str_lineformat_align_P
                0x0000000000004456                lcdan_str_lineformat_trimEOL3dots
 .text          0x000000000000449e       0x16 obj/Debug/main.o
                0x000000000000449e                main
 .text          0x00000000000044b4        0x0 /usr/lib/gcc/avr/10.2.0/avr5/libgcc.a(_exit.o)
 .text          0x00000000000044b4        0x0 /usr/lib/gcc/avr/10.2.0/avr5/libgcc.a(_copy_data.o)
 .text          0x00000000000044b4        0x0 /usr/lib/gcc/avr/10.2.0/../../../../avr/lib/avr5/libm.a(cmpsf2.o)
 .text          0x00000000000044b4        0x0 /usr/lib/gcc/avr/10.2.0/../../../../avr/lib/avr5/libm.a(divsf3.o)
 .text          0x00000000000044b4        0x0 /usr/lib/gcc/avr/10.2.0/../../../../avr/lib/avr5/libm.a(divsf3x.o)
 .text          0x00000000000044b4        0x0 /usr/lib/gcc/avr/10.2.0/../../../../avr/lib/avr5/libm.a(fixunssfsi.o)
 .text          0x00000000000044b4        0x0 /usr/lib/gcc/avr/10.2.0/../../../../avr/lib/avr5/libm.a(fp_cmp.o)
 .text          0x00000000000044b4        0x0 /usr/lib/gcc/avr/10.2.0/../../../../avr/lib/avr5/libm.a(fp_inf.o)
 .text          0x00000000000044b4        0x0 /usr/lib/gcc/avr/10.2.0/../../../../avr/lib/avr5/libm.a(fp_nan.o)
 .text          0x00000000000044b4        0x0 /usr/lib/gcc/avr/10.2.0/../../../../avr/lib/avr5/libm.a(fp_pscA.o)
 .text          0x00000000000044b4        0x0 /usr/lib/gcc/avr/10.2.0/../../../../avr/lib/avr5/libm.a(fp_pscB.o)
 .text          0x00000000000044b4        0x0 /usr/lib/gcc/avr/10.2.0/../../../../avr/lib/avr5/libm.a(fp_round.o)
 .text          0x00000000000044b4        0x0 /usr/lib/gcc/avr/10.2.0/../../../../avr/lib/avr5/libm.a(fp_split3.o)
 .text          0x00000000000044b4        0x0 /usr/lib/gcc/avr/10.2.0/../../../../avr/lib/avr5/libm.a(fp_zero.o)
 .text          0x00000000000044b4        0x0 /usr/lib/gcc/avr/10.2.0/../../../../avr/lib/avr5/libm.a(gesf2.o)
 .text          0x00000000000044b4        0x0 /usr/lib/gcc/avr/10.2.0/../../../../avr/lib/avr5/libm.a(mulsf3.o)
 .text          0x00000000000044b4        0x0 /usr/lib/gcc/avr/10.2.0/../../../../avr/lib/avr5/libm.a(mulsf3x.o)
 .text          0x00000000000044b4        0x0 /usr/lib/gcc/avr/10.2.0/../../../../avr/lib/avr5/libc.a(strncpy_P.o)
 .text          0x00000000000044b4        0x0 /usr/lib/gcc/avr/10.2.0/../../../../avr/lib/avr5/libc.a(strlen.o)
                0x00000000000044b4                . = ALIGN (0x2)
 *(.text.*)
 .text.libgcc.mul
                0x00000000000044b4        0x0 /usr/lib/gcc/avr/10.2.0/avr5/libgcc.a(_exit.o)
 .text.libgcc.div
                0x00000000000044b4        0x0 /usr/lib/gcc/avr/10.2.0/avr5/libgcc.a(_exit.o)
 .text.libgcc   0x00000000000044b4        0x0 /usr/lib/gcc/avr/10.2.0/avr5/libgcc.a(_exit.o)
 .text.libgcc.prologue
                0x00000000000044b4        0x0 /usr/lib/gcc/avr/10.2.0/avr5/libgcc.a(_exit.o)
 .text.libgcc.builtins
                0x00000000000044b4        0x0 /usr/lib/gcc/avr/10.2.0/avr5/libgcc.a(_exit.o)
 .text.libgcc.fmul
                0x00000000000044b4        0x0 /usr/lib/gcc/avr/10.2.0/avr5/libgcc.a(_exit.o)
 .text.libgcc.fixed
                0x00000000000044b4        0x0 /usr/lib/gcc/avr/10.2.0/avr5/libgcc.a(_exit.o)
 .text.libgcc.mul
                0x00000000000044b4        0x0 /usr/lib/gcc/avr/10.2.0/avr5/libgcc.a(_copy_data.o)
 .text.libgcc.div
                0x00000000000044b4        0x0 /usr/lib/gcc/avr/10.2.0/avr5/libgcc.a(_copy_data.o)
 .text.libgcc   0x00000000000044b4        0x0 /usr/lib/gcc/avr/10.2.0/avr5/libgcc.a(_copy_data.o)
 .text.libgcc.prologue
                0x00000000000044b4        0x0 /usr/lib/gcc/avr/10.2.0/avr5/libgcc.a(_copy_data.o)
 .text.libgcc.builtins
                0x00000000000044b4        0x0 /usr/lib/gcc/avr/10.2.0/avr5/libgcc.a(_copy_data.o)
 .text.libgcc.fmul
                0x00000000000044b4        0x0 /usr/lib/gcc/avr/10.2.0/avr5/libgcc.a(_copy_data.o)
 .text.libgcc.fixed
                0x00000000000044b4        0x0 /usr/lib/gcc/avr/10.2.0/avr5/libgcc.a(_copy_data.o)
 .text.avr-libc.fplib
                0x00000000000044b4        0xa /usr/lib/gcc/avr/10.2.0/../../../../avr/lib/avr5/libm.a(cmpsf2.o)
                0x00000000000044b4                __lesf2
                0x00000000000044b4                __nesf2
                0x00000000000044b4                __eqsf2
                0x00000000000044b4                __cmpsf2
                0x00000000000044b4                __ltsf2
 .text.avr-libc.fplib
                0x00000000000044be        0x8 /usr/lib/gcc/avr/10.2.0/../../../../avr/lib/avr5/libm.a(divsf3.o)
                0x00000000000044be                __divsf3
 .text.avr-libc.fplib
                0x00000000000044c6       0xdc /usr/lib/gcc/avr/10.2.0/../../../../avr/lib/avr5/libm.a(divsf3x.o)
                0x00000000000044e6                __divsf3x
                0x00000000000044ec                __divsf3_pse
 .text.avr-libc.fplib
                0x00000000000045a2       0x5e /usr/lib/gcc/avr/10.2.0/../../../../avr/lib/avr5/libm.a(fixunssfsi.o)
                0x00000000000045a2                __fixunssfsi
 .text.avr-libc.fplib
                0x0000000000004600       0x48 /usr/lib/gcc/avr/10.2.0/../../../../avr/lib/avr5/libm.a(fp_cmp.o)
                0x0000000000004600                __fp_cmp
 .text.avr-libc.fplib
                0x0000000000004648        0xc /usr/lib/gcc/avr/10.2.0/../../../../avr/lib/avr5/libm.a(fp_inf.o)
                0x0000000000004648                __fp_inf
 .text.avr-libc.fplib
                0x0000000000004654        0x6 /usr/lib/gcc/avr/10.2.0/../../../../avr/lib/avr5/libm.a(fp_nan.o)
                0x0000000000004654                __fp_nan
 .text.avr-libc.fplib
                0x000000000000465a        0xe /usr/lib/gcc/avr/10.2.0/../../../../avr/lib/avr5/libm.a(fp_pscA.o)
                0x000000000000465a                __fp_pscA
 .text.avr-libc.fplib
                0x0000000000004668        0xe /usr/lib/gcc/avr/10.2.0/../../../../avr/lib/avr5/libm.a(fp_pscB.o)
                0x0000000000004668                __fp_pscB
 .text.avr-libc.fplib
                0x0000000000004676       0x22 /usr/lib/gcc/avr/10.2.0/../../../../avr/lib/avr5/libm.a(fp_round.o)
                0x0000000000004676                __fp_round
 .text.avr-libc.fplib
                0x0000000000004698       0x44 /usr/lib/gcc/avr/10.2.0/../../../../avr/lib/avr5/libm.a(fp_split3.o)
                0x0000000000004698                __fp_split3
                0x00000000000046a8                __fp_splitA
 .text.avr-libc.fplib
                0x00000000000046dc        0xe /usr/lib/gcc/avr/10.2.0/../../../../avr/lib/avr5/libm.a(fp_zero.o)
                0x00000000000046dc                __fp_zero
                0x00000000000046de                __fp_szero
 .text.avr-libc.fplib
                0x00000000000046ea        0xa /usr/lib/gcc/avr/10.2.0/../../../../avr/lib/avr5/libm.a(gesf2.o)
                0x00000000000046ea                __gtsf2
                0x00000000000046ea                __gesf2
 .text.avr-libc.fplib
                0x00000000000046f4        0x8 /usr/lib/gcc/avr/10.2.0/../../../../avr/lib/avr5/libm.a(mulsf3.o)
                0x00000000000046f4                __mulsf3
 .text.avr-libc.fplib
                0x00000000000046fc       0xd2 /usr/lib/gcc/avr/10.2.0/../../../../avr/lib/avr5/libm.a(mulsf3x.o)
                0x000000000000471a                __mulsf3x
                0x0000000000004720                __mulsf3_pse
 .text.avr-libc
                0x00000000000047ce       0x1e /usr/lib/gcc/avr/10.2.0/../../../../avr/lib/avr5/libc.a(strncpy_P.o)
                0x00000000000047ce                strncpy_P
 .text.avr-libc
                0x00000000000047ec       0x12 /usr/lib/gcc/avr/10.2.0/../../../../avr/lib/avr5/libc.a(strlen.o)
                0x00000000000047ec                strlen
                0x00000000000047fe                . = ALIGN (0x2)
 *(.fini9)
 .fini9         0x00000000000047fe        0x0 /usr/lib/gcc/avr/10.2.0/avr5/libgcc.a(_exit.o)
                0x00000000000047fe                exit
                0x00000000000047fe                _exit
 *(.fini9)
 *(.fini8)
 *(.fini8)
 *(.fini7)
 *(.fini7)
 *(.fini6)
 *(.fini6)
 *(.fini5)
 *(.fini5)
 *(.fini4)
 *(.fini4)
 *(.fini3)
 *(.fini3)
 *(.fini2)
 *(.fini2)
 *(.fini1)
 *(.fini1)
 *(.fini0)
 .fini0         0x00000000000047fe        0x4 /usr/lib/gcc/avr/10.2.0/avr5/libgcc.a(_exit.o)
 *(.fini0)
 *(.hightext)
 *(.hightext*)
 *(.progmemx.*)
                0x0000000000004802                . = ALIGN (0x2)
 *(.jumptables)
 *(.jumptables*)
                0x0000000000004802                _etext = .

.data           0x0000000000800060        0x6 load address 0x0000000000004802
                0x0000000000800060                PROVIDE (__data_start = .)
 *(.data)
 .data          0x0000000000800060        0x0 /usr/lib/gcc/avr/10.2.0/../../../../avr/lib/avr5/crtatmega32.o
 .data          0x0000000000800060        0x0 obj/Debug/fuse.o
 .data          0x0000000000800060        0x0 obj/Debug/lcdan/lcdan.o
 .data          0x0000000000800060        0x0 obj/Debug/lcdan/lcdan_aux.o
 .data          0x0000000000800060        0x0 obj/Debug/main.o
 .data          0x0000000000800060        0x0 /usr/lib/gcc/avr/10.2.0/avr5/libgcc.a(_exit.o)
 .data          0x0000000000800060        0x0 /usr/lib/gcc/avr/10.2.0/avr5/libgcc.a(_copy_data.o)
 .data          0x0000000000800060        0x0 /usr/lib/gcc/avr/10.2.0/../../../../avr/lib/avr5/libm.a(cmpsf2.o)
 .data          0x0000000000800060        0x0 /usr/lib/gcc/avr/10.2.0/../../../../avr/lib/avr5/libm.a(divsf3.o)
 .data          0x0000000000800060        0x0 /usr/lib/gcc/avr/10.2.0/../../../../avr/lib/avr5/libm.a(divsf3x.o)
 .data          0x0000000000800060        0x0 /usr/lib/gcc/avr/10.2.0/../../../../avr/lib/avr5/libm.a(fixunssfsi.o)
 .data          0x0000000000800060        0x0 /usr/lib/gcc/avr/10.2.0/../../../../avr/lib/avr5/libm.a(fp_cmp.o)
 .data          0x0000000000800060        0x0 /usr/lib/gcc/avr/10.2.0/../../../../avr/lib/avr5/libm.a(fp_inf.o)
 .data          0x0000000000800060        0x0 /usr/lib/gcc/avr/10.2.0/../../../../avr/lib/avr5/libm.a(fp_nan.o)
 .data          0x0000000000800060        0x0 /usr/lib/gcc/avr/10.2.0/../../../../avr/lib/avr5/libm.a(fp_pscA.o)
 .data          0x0000000000800060        0x0 /usr/lib/gcc/avr/10.2.0/../../../../avr/lib/avr5/libm.a(fp_pscB.o)
 .data          0x0000000000800060        0x0 /usr/lib/gcc/avr/10.2.0/../../../../avr/lib/avr5/libm.a(fp_round.o)
 .data          0x0000000000800060        0x0 /usr/lib/gcc/avr/10.2.0/../../../../avr/lib/avr5/libm.a(fp_split3.o)
 .data          0x0000000000800060        0x0 /usr/lib/gcc/avr/10.2.0/../../../../avr/lib/avr5/libm.a(fp_zero.o)
 .data          0x0000000000800060        0x0 /usr/lib/gcc/avr/10.2.0/../../../../avr/lib/avr5/libm.a(gesf2.o)
 .data          0x0000000000800060        0x0 /usr/lib/gcc/avr/10.2.0/../../../../avr/lib/avr5/libm.a(mulsf3.o)
 .data          0x0000000000800060        0x0 /usr/lib/gcc/avr/10.2.0/../../../../avr/lib/avr5/libm.a(mulsf3x.o)
 .data          0x0000000000800060        0x0 /usr/lib/gcc/avr/10.2.0/../../../../avr/lib/avr5/libc.a(strncpy_P.o)
 .data          0x0000000000800060        0x0 /usr/lib/gcc/avr/10.2.0/../../../../avr/lib/avr5/libc.a(strlen.o)
 *(.data*)
 *(.gnu.linkonce.d*)
 *(.rodata)
 .rodata        0x0000000000800060        0x5 obj/Debug/main.o
 *(.rodata*)
 *(.gnu.linkonce.r*)
                0x0000000000800066                . = ALIGN (0x2)
 *fill*         0x0000000000800065        0x1 
                0x0000000000800066                _edata = .
                0x0000000000800066                PROVIDE (__data_end = .)

.bss            0x0000000000800066        0x0
                [!provide]                        PROVIDE (__bss_start = .)
 *(.bss)
 .bss           0x0000000000800066        0x0 /usr/lib/gcc/avr/10.2.0/../../../../avr/lib/avr5/crtatmega32.o
 .bss           0x0000000000800066        0x0 obj/Debug/fuse.o
 .bss           0x0000000000800066        0x0 obj/Debug/lcdan/lcdan.o
 .bss           0x0000000000800066        0x0 obj/Debug/lcdan/lcdan_aux.o
 .bss           0x0000000000800066        0x0 obj/Debug/main.o
 .bss           0x0000000000800066        0x0 /usr/lib/gcc/avr/10.2.0/avr5/libgcc.a(_exit.o)
 .bss           0x0000000000800066        0x0 /usr/lib/gcc/avr/10.2.0/avr5/libgcc.a(_copy_data.o)
 .bss           0x0000000000800066        0x0 /usr/lib/gcc/avr/10.2.0/../../../../avr/lib/avr5/libm.a(cmpsf2.o)
 .bss           0x0000000000800066        0x0 /usr/lib/gcc/avr/10.2.0/../../../../avr/lib/avr5/libm.a(divsf3.o)
 .bss           0x0000000000800066        0x0 /usr/lib/gcc/avr/10.2.0/../../../../avr/lib/avr5/libm.a(divsf3x.o)
 .bss           0x0000000000800066        0x0 /usr/lib/gcc/avr/10.2.0/../../../../avr/lib/avr5/libm.a(fixunssfsi.o)
 .bss           0x0000000000800066        0x0 /usr/lib/gcc/avr/10.2.0/../../../../avr/lib/avr5/libm.a(fp_cmp.o)
 .bss           0x0000000000800066        0x0 /usr/lib/gcc/avr/10.2.0/../../../../avr/lib/avr5/libm.a(fp_inf.o)
 .bss           0x0000000000800066        0x0 /usr/lib/gcc/avr/10.2.0/../../../../avr/lib/avr5/libm.a(fp_nan.o)
 .bss           0x0000000000800066        0x0 /usr/lib/gcc/avr/10.2.0/../../../../avr/lib/avr5/libm.a(fp_pscA.o)
 .bss           0x0000000000800066        0x0 /usr/lib/gcc/avr/10.2.0/../../../../avr/lib/avr5/libm.a(fp_pscB.o)
 .bss           0x0000000000800066        0x0 /usr/lib/gcc/avr/10.2.0/../../../../avr/lib/avr5/libm.a(fp_round.o)
 .bss           0x0000000000800066        0x0 /usr/lib/gcc/avr/10.2.0/../../../../avr/lib/avr5/libm.a(fp_split3.o)
 .bss           0x0000000000800066        0x0 /usr/lib/gcc/avr/10.2.0/../../../../avr/lib/avr5/libm.a(fp_zero.o)
 .bss           0x0000000000800066        0x0 /usr/lib/gcc/avr/10.2.0/../../../../avr/lib/avr5/libm.a(gesf2.o)
 .bss           0x0000000000800066        0x0 /usr/lib/gcc/avr/10.2.0/../../../../avr/lib/avr5/libm.a(mulsf3.o)
 .bss           0x0000000000800066        0x0 /usr/lib/gcc/avr/10.2.0/../../../../avr/lib/avr5/libm.a(mulsf3x.o)
 .bss           0x0000000000800066        0x0 /usr/lib/gcc/avr/10.2.0/../../../../avr/lib/avr5/libc.a(strncpy_P.o)
 .bss           0x0000000000800066        0x0 /usr/lib/gcc/avr/10.2.0/../../../../avr/lib/avr5/libc.a(strlen.o)
 *(.bss*)
 *(COMMON)
                [!provide]                        PROVIDE (__bss_end = .)
                0x0000000000004802                __data_load_start = LOADADDR (.data)
                0x0000000000004808                __data_load_end = (__data_load_start + SIZEOF (.data))

.noinit         0x0000000000800066        0x0
                [!provide]                        PROVIDE (__noinit_start = .)
 *(.noinit*)
                [!provide]                        PROVIDE (__noinit_end = .)
                0x0000000000800066                _end = .
                [!provide]                        PROVIDE (__heap_start = .)

.eeprom         0x0000000000810000        0x0
 *(.eeprom*)
                0x0000000000810000                __eeprom_end = .

.fuse           0x0000000000820000        0x2
 *(.fuse)
 .fuse          0x0000000000820000        0x2 obj/Debug/fuse.o
                0x0000000000820000                __fuse
 *(.lfuse)
 *(.hfuse)
 *(.efuse)

.lock
 *(.lock*)

.signature
 *(.signature*)

.stab           0x0000000000000000     0x2cac
 *(.stab)
 .stab          0x0000000000000000       0x60 obj/Debug/fuse.o
 .stab          0x0000000000000060     0x246c obj/Debug/lcdan/lcdan.o
                                       0x2478 (size before relaxing)
 .stab          0x00000000000024cc      0x75c obj/Debug/lcdan/lcdan_aux.o
                                        0x768 (size before relaxing)
 .stab          0x0000000000002c28       0x84 obj/Debug/main.o
                                         0x90 (size before relaxing)

.stabstr        0x0000000000000000      0x666
 *(.stabstr)
 .stabstr       0x0000000000000000      0x666 obj/Debug/fuse.o

.stab.excl
 *(.stab.excl)

.stab.exclstr
 *(.stab.exclstr)

.stab.index
 *(.stab.index)

.stab.indexstr
 *(.stab.indexstr)

.comment        0x0000000000000000       0x12
 *(.comment)
 .comment       0x0000000000000000       0x12 obj/Debug/fuse.o
                                         0x13 (size before relaxing)
 .comment       0x0000000000000012       0x13 obj/Debug/lcdan/lcdan.o
 .comment       0x0000000000000012       0x13 obj/Debug/lcdan/lcdan_aux.o
 .comment       0x0000000000000012       0x13 obj/Debug/main.o

.note.gnu.avr.deviceinfo
                0x0000000000000000       0x3c
 .note.gnu.avr.deviceinfo
                0x0000000000000000       0x3c /usr/lib/gcc/avr/10.2.0/../../../../avr/lib/avr5/crtatmega32.o

.note.gnu.build-id
 *(.note.gnu.build-id)

.debug
 *(.debug)

.line
 *(.line)

.debug_srcinfo
 *(.debug_srcinfo)

.debug_sfnames
 *(.debug_sfnames)

.debug_aranges
 *(.debug_aranges)

.debug_pubnames
 *(.debug_pubnames)

.debug_info     0x0000000000000000      0x4e6
 *(.debug_info .gnu.linkonce.wi.*)
 .debug_info    0x0000000000000000      0x4e6 /usr/lib/gcc/avr/10.2.0/../../../../avr/lib/avr5/crtatmega32.o

.debug_abbrev   0x0000000000000000      0x4a3
 *(.debug_abbrev)
 .debug_abbrev  0x0000000000000000      0x4a3 /usr/lib/gcc/avr/10.2.0/../../../../avr/lib/avr5/crtatmega32.o

.debug_line     0x0000000000000000       0x1d
 *(.debug_line .debug_line.* .debug_line_end)
 .debug_line    0x0000000000000000       0x1d /usr/lib/gcc/avr/10.2.0/../../../../avr/lib/avr5/crtatmega32.o

.debug_frame
 *(.debug_frame)

.debug_str      0x0000000000000000      0x196
 *(.debug_str)
 .debug_str     0x0000000000000000      0x196 /usr/lib/gcc/avr/10.2.0/../../../../avr/lib/avr5/crtatmega32.o

.debug_loc
 *(.debug_loc)

.debug_macinfo
 *(.debug_macinfo)

.debug_weaknames
 *(.debug_weaknames)

.debug_funcnames
 *(.debug_funcnames)

.debug_typenames
 *(.debug_typenames)

.debug_varnames
 *(.debug_varnames)

.debug_pubtypes
 *(.debug_pubtypes)

.debug_ranges
 *(.debug_ranges)

.debug_macro
 *(.debug_macro)

.debug_addr
 *(.debug_addr)
OUTPUT(bin/Debug/lcd_proteus_comp01.elf elf32-avr)
LOAD linker stubs

Cross Reference Table

Symbol                                            File
__bad_interrupt                                   /usr/lib/gcc/avr/10.2.0/../../../../avr/lib/avr5/crtatmega32.o
__cmpsf2                                          /usr/lib/gcc/avr/10.2.0/../../../../avr/lib/avr5/libm.a(cmpsf2.o)
__data_end                                        /usr/lib/gcc/avr/10.2.0/avr5/libgcc.a(_copy_data.o)
__data_load_start                                 /usr/lib/gcc/avr/10.2.0/avr5/libgcc.a(_copy_data.o)
__data_start                                      /usr/lib/gcc/avr/10.2.0/avr5/libgcc.a(_copy_data.o)
__divsf3                                          /usr/lib/gcc/avr/10.2.0/../../../../avr/lib/avr5/libm.a(divsf3.o)
                                                  obj/Debug/lcdan/lcdan.o
__divsf3_pse                                      /usr/lib/gcc/avr/10.2.0/../../../../avr/lib/avr5/libm.a(divsf3x.o)
__divsf3x                                         /usr/lib/gcc/avr/10.2.0/../../../../avr/lib/avr5/libm.a(divsf3x.o)
                                                  /usr/lib/gcc/avr/10.2.0/../../../../avr/lib/avr5/libm.a(divsf3.o)
__do_copy_data                                    /usr/lib/gcc/avr/10.2.0/avr5/libgcc.a(_copy_data.o)
                                                  obj/Debug/main.o
__eqsf2                                           /usr/lib/gcc/avr/10.2.0/../../../../avr/lib/avr5/libm.a(cmpsf2.o)
__fixunssfsi                                      /usr/lib/gcc/avr/10.2.0/../../../../avr/lib/avr5/libm.a(fixunssfsi.o)
                                                  obj/Debug/lcdan/lcdan.o
__fp_cmp                                          /usr/lib/gcc/avr/10.2.0/../../../../avr/lib/avr5/libm.a(fp_cmp.o)
                                                  /usr/lib/gcc/avr/10.2.0/../../../../avr/lib/avr5/libm.a(gesf2.o)
                                                  /usr/lib/gcc/avr/10.2.0/../../../../avr/lib/avr5/libm.a(cmpsf2.o)
__fp_inf                                          /usr/lib/gcc/avr/10.2.0/../../../../avr/lib/avr5/libm.a(fp_inf.o)
                                                  /usr/lib/gcc/avr/10.2.0/../../../../avr/lib/avr5/libm.a(mulsf3x.o)
                                                  /usr/lib/gcc/avr/10.2.0/../../../../avr/lib/avr5/libm.a(divsf3x.o)
__fp_nan                                          /usr/lib/gcc/avr/10.2.0/../../../../avr/lib/avr5/libm.a(fp_nan.o)
                                                  /usr/lib/gcc/avr/10.2.0/../../../../avr/lib/avr5/libm.a(mulsf3x.o)
                                                  /usr/lib/gcc/avr/10.2.0/../../../../avr/lib/avr5/libm.a(divsf3x.o)
__fp_pscA                                         /usr/lib/gcc/avr/10.2.0/../../../../avr/lib/avr5/libm.a(fp_pscA.o)
                                                  /usr/lib/gcc/avr/10.2.0/../../../../avr/lib/avr5/libm.a(mulsf3x.o)
                                                  /usr/lib/gcc/avr/10.2.0/../../../../avr/lib/avr5/libm.a(divsf3x.o)
__fp_pscB                                         /usr/lib/gcc/avr/10.2.0/../../../../avr/lib/avr5/libm.a(fp_pscB.o)
                                                  /usr/lib/gcc/avr/10.2.0/../../../../avr/lib/avr5/libm.a(mulsf3x.o)
                                                  /usr/lib/gcc/avr/10.2.0/../../../../avr/lib/avr5/libm.a(divsf3x.o)
__fp_round                                        /usr/lib/gcc/avr/10.2.0/../../../../avr/lib/avr5/libm.a(fp_round.o)
                                                  /usr/lib/gcc/avr/10.2.0/../../../../avr/lib/avr5/libm.a(mulsf3.o)
                                                  /usr/lib/gcc/avr/10.2.0/../../../../avr/lib/avr5/libm.a(divsf3.o)
__fp_split3                                       /usr/lib/gcc/avr/10.2.0/../../../../avr/lib/avr5/libm.a(fp_split3.o)
                                                  /usr/lib/gcc/avr/10.2.0/../../../../avr/lib/avr5/libm.a(mulsf3x.o)
                                                  /usr/lib/gcc/avr/10.2.0/../../../../avr/lib/avr5/libm.a(divsf3x.o)
__fp_splitA                                       /usr/lib/gcc/avr/10.2.0/../../../../avr/lib/avr5/libm.a(fp_split3.o)
                                                  /usr/lib/gcc/avr/10.2.0/../../../../avr/lib/avr5/libm.a(fixunssfsi.o)
__fp_szero                                        /usr/lib/gcc/avr/10.2.0/../../../../avr/lib/avr5/libm.a(fp_zero.o)
                                                  /usr/lib/gcc/avr/10.2.0/../../../../avr/lib/avr5/libm.a(mulsf3x.o)
                                                  /usr/lib/gcc/avr/10.2.0/../../../../avr/lib/avr5/libm.a(divsf3x.o)
__fp_zero                                         /usr/lib/gcc/avr/10.2.0/../../../../avr/lib/avr5/libm.a(fp_zero.o)
                                                  /usr/lib/gcc/avr/10.2.0/../../../../avr/lib/avr5/libm.a(fixunssfsi.o)
__fuse                                            obj/Debug/fuse.o
__gesf2                                           /usr/lib/gcc/avr/10.2.0/../../../../avr/lib/avr5/libm.a(gesf2.o)
__gtsf2                                           /usr/lib/gcc/avr/10.2.0/../../../../avr/lib/avr5/libm.a(gesf2.o)
                                                  obj/Debug/lcdan/lcdan.o
__heap_end                                        /usr/lib/gcc/avr/10.2.0/../../../../avr/lib/avr5/crtatmega32.o
__init                                            /usr/lib/gcc/avr/10.2.0/../../../../avr/lib/avr5/crtatmega32.o
__lesf2                                           /usr/lib/gcc/avr/10.2.0/../../../../avr/lib/avr5/libm.a(cmpsf2.o)
__ltsf2                                           /usr/lib/gcc/avr/10.2.0/../../../../avr/lib/avr5/libm.a(cmpsf2.o)
                                                  obj/Debug/lcdan/lcdan.o
__mulsf3                                          /usr/lib/gcc/avr/10.2.0/../../../../avr/lib/avr5/libm.a(mulsf3.o)
                                                  obj/Debug/lcdan/lcdan.o
__mulsf3_pse                                      /usr/lib/gcc/avr/10.2.0/../../../../avr/lib/avr5/libm.a(mulsf3x.o)
__mulsf3x                                         /usr/lib/gcc/avr/10.2.0/../../../../avr/lib/avr5/libm.a(mulsf3x.o)
                                                  /usr/lib/gcc/avr/10.2.0/../../../../avr/lib/avr5/libm.a(mulsf3.o)
__nesf2                                           /usr/lib/gcc/avr/10.2.0/../../../../avr/lib/avr5/libm.a(cmpsf2.o)
__stack                                           /usr/lib/gcc/avr/10.2.0/../../../../avr/lib/avr5/crtatmega32.o
__vector_1                                        /usr/lib/gcc/avr/10.2.0/../../../../avr/lib/avr5/crtatmega32.o
__vector_10                                       /usr/lib/gcc/avr/10.2.0/../../../../avr/lib/avr5/crtatmega32.o
__vector_11                                       /usr/lib/gcc/avr/10.2.0/../../../../avr/lib/avr5/crtatmega32.o
__vector_12                                       /usr/lib/gcc/avr/10.2.0/../../../../avr/lib/avr5/crtatmega32.o
__vector_13                                       /usr/lib/gcc/avr/10.2.0/../../../../avr/lib/avr5/crtatmega32.o
__vector_14                                       /usr/lib/gcc/avr/10.2.0/../../../../avr/lib/avr5/crtatmega32.o
__vector_15                                       /usr/lib/gcc/avr/10.2.0/../../../../avr/lib/avr5/crtatmega32.o
__vector_16                                       /usr/lib/gcc/avr/10.2.0/../../../../avr/lib/avr5/crtatmega32.o
__vector_17                                       /usr/lib/gcc/avr/10.2.0/../../../../avr/lib/avr5/crtatmega32.o
__vector_18                                       /usr/lib/gcc/avr/10.2.0/../../../../avr/lib/avr5/crtatmega32.o
__vector_19                                       /usr/lib/gcc/avr/10.2.0/../../../../avr/lib/avr5/crtatmega32.o
__vector_2                                        /usr/lib/gcc/avr/10.2.0/../../../../avr/lib/avr5/crtatmega32.o
__vector_20                                       /usr/lib/gcc/avr/10.2.0/../../../../avr/lib/avr5/crtatmega32.o
__vector_3                                        /usr/lib/gcc/avr/10.2.0/../../../../avr/lib/avr5/crtatmega32.o
__vector_4                                        /usr/lib/gcc/avr/10.2.0/../../../../avr/lib/avr5/crtatmega32.o
__vector_5                                        /usr/lib/gcc/avr/10.2.0/../../../../avr/lib/avr5/crtatmega32.o
__vector_6                                        /usr/lib/gcc/avr/10.2.0/../../../../avr/lib/avr5/crtatmega32.o
__vector_7                                        /usr/lib/gcc/avr/10.2.0/../../../../avr/lib/avr5/crtatmega32.o
__vector_8                                        /usr/lib/gcc/avr/10.2.0/../../../../avr/lib/avr5/crtatmega32.o
__vector_9                                        /usr/lib/gcc/avr/10.2.0/../../../../avr/lib/avr5/crtatmega32.o
__vector_default                                  /usr/lib/gcc/avr/10.2.0/../../../../avr/lib/avr5/crtatmega32.o
__vectors                                         /usr/lib/gcc/avr/10.2.0/../../../../avr/lib/avr5/crtatmega32.o
_exit                                             /usr/lib/gcc/avr/10.2.0/avr5/libgcc.a(_exit.o)
exit                                              /usr/lib/gcc/avr/10.2.0/avr5/libgcc.a(_exit.o)
                                                  /usr/lib/gcc/avr/10.2.0/../../../../avr/lib/avr5/crtatmega32.o
lcdan_get_data                                    obj/Debug/lcdan/lcdan.o
lcdan_init                                        obj/Debug/lcdan/lcdan.o
                                                  obj/Debug/main.o
lcdan_print_PSTRstring                            obj/Debug/lcdan/lcdan_aux.o
lcdan_print_string                                obj/Debug/lcdan/lcdan_aux.o
                                                  obj/Debug/main.o
lcdan_set_and_latch_4bits                         obj/Debug/lcdan/lcdan.o
lcdan_set_and_latch_8bits                         obj/Debug/lcdan/lcdan.o
lcdan_set_command_mode                            obj/Debug/lcdan/lcdan.o
lcdan_set_controlpins_and_datapins_outputs        obj/Debug/lcdan/lcdan.o
lcdan_set_cursor                                  obj/Debug/lcdan/lcdan_aux.o
lcdan_set_data_mode                               obj/Debug/lcdan/lcdan.o
lcdan_set_datapins_inputs                         obj/Debug/lcdan/lcdan.o
lcdan_set_datapins_outputs                        obj/Debug/lcdan/lcdan.o
lcdan_set_read_mode                               obj/Debug/lcdan/lcdan.o
lcdan_set_write_mode                              obj/Debug/lcdan/lcdan.o
lcdan_str_get_align_col                           obj/Debug/lcdan/lcdan_aux.o
lcdan_str_get_center_hor                          obj/Debug/lcdan/lcdan_aux.o
lcdan_str_lineformat_align                        obj/Debug/lcdan/lcdan_aux.o
lcdan_str_lineformat_align_P                      obj/Debug/lcdan/lcdan_aux.o
lcdan_str_lineformat_trimEOL3dots                 obj/Debug/lcdan/lcdan_aux.o
lcdan_strobe_enable                               obj/Debug/lcdan/lcdan.o
lcdan_test_busy                                   obj/Debug/lcdan/lcdan.o
lcdan_write_cmd                                   obj/Debug/lcdan/lcdan.o
                                                  obj/Debug/lcdan/lcdan_aux.o
lcdan_write_data                                  obj/Debug/lcdan/lcdan.o
                                                  obj/Debug/lcdan/lcdan_aux.o
main                                              obj/Debug/main.o
                                                  /usr/lib/gcc/avr/10.2.0/../../../../avr/lib/avr5/crtatmega32.o
strlen                                            /usr/lib/gcc/avr/10.2.0/../../../../avr/lib/avr5/libc.a(strlen.o)
                                                  obj/Debug/lcdan/lcdan_aux.o
strncpy_P                                         /usr/lib/gcc/avr/10.2.0/../../../../avr/lib/avr5/libc.a(strncpy_P.o)
                                                  obj/Debug/lcdan/lcdan_aux.o
